// Jest Snapshot v1, https://goo.gl/fbAQLP

exports[`<Spinner /> Renders correctly 1`] = `
<div
  className="center"
>
  <div
    className="lds-ring"
  >
    <div />
    <div />
    <div />
    <div />
  </div>
</div>
`;
