// Jest Snapshot v1, https://goo.gl/fbAQLP

exports[`<Fatal /> Renders correctly 1`] = `
<h2
  className="center rojo"
/>
`;
